Microsoft (R) Macro Assembler Version 6.11		    07/25/24 16:53:28
src\220138825_P01.asm					     Page 1 - 1


				;	Update all of this information to reflect your own details and the prac
				;	Author:     RE Radebe
				;	Practical 01 document
				.386
				.MODEL FLAT ; Flat memory model
				.STACK 4096 ; 4096 bytes

				INCLUDE io.inc
			      C ;
			      C ; Simple I/O Routines - Version 2
			      C ;
			      C 
			      C IFNDEF IO_INC
 = 1			      C IO_INC equ <1>
			      C 
			      C OutputStr PROTO NEAR32 STDCALL :DWORD
			      C OutputInt PROTO NEAR32 STDCALL :DWORD
			      C OutputFloat PROTO NEAR32 STDCALL :DWORD
			      C OutputFloat8 PROTO NEAR32 STDCALL :QWORD
			      C InputInt PROTO NEAR32 STDCALL
			      C InputStr PROTO NEAR32 STDCALL :DWORD, :DWORD
			      C 
			      C ELSE
			      C ENDIF
			      C 

				; Exit function
				ExitProcess PROTO NEAR32 stdcall, dwExitCode:DWORD

				; The data section stores all global variables
 00000000			.DATA
				;Strings
 00000000 45 6E 74 65 72	strStride BYTE "Enter stride length: ",0
	   20 73 74 72 69
	   64 65 20 6C 65
	   6E 67 74 68 3A
	   20 00
 00000016 45 6E 74 65 72	strSteps BYTE "Enter number of steps: ",0
	   20 6E 75 6D 62
	   65 72 20 6F 66
	   20 73 74 65 70
	   73 3A 20 00
 0000002E 44 69 73 74 61	strDMeters BYTE "Distance in meters: ",0
	   6E 63 65 20 69
	   6E 20 6D 65 74
	   65 72 73 3A 20
	   00
 00000043 44 69 73 74 61	strDKilos BYTE "Distance in kilometers: ",0
	   6E 63 65 20 69
	   6E 20 6B 69 6C
	   6F 6D 65 74 65
	   72 73 3A 20 00
 0000005C 0A 00			strNewLine BYTE 10,0
 0000005E 20 72 65 6D 61	StrDot BYTE " remainder ",0
	   69 6E 64 65 72
	   20 00

				;Integers
 0000006A 00000000		intStride DWORD ?
 0000006E 00000000		intSteps DWORD ?
 00000072 00000000		intDMeters DWORD ?
 00000076 00000000		intDKilos DWORD ?

				; The code section may contain multiple tags such as _start, which is the entry
				; point of this assembly program
 00000000			.CODE
 00000000			_start:
 00000000				; Most of your initial code will be under the _start tag.
					; The _start tag is just a memory address referenced by the Public indicator
					; highlighting which functions are available to calling functions.
					; _start gets called by the operating system to start this process.

					;Stride
					INVOKE OutputStr, ADDR strStride	;This prints "Enter stride length:"
					INVOKE InputInt						;Gets the input of stride length
 0000000F  A3 0000006A R		MOV intStride, eax					;Store the input value into intStride

					;Steps
					INVOKE OutputStr, ADDR strStride	;This prints "Enter number of steps:"
					INVOKE InputInt						;Gets the input of number of steps
 00000023  A3 0000006E R		MOV intSteps, eax					;Store the input value into intSteps

					;Calculating Distance in Meters
 00000028  A1 0000006A R		MOV eax, intStride
 0000002D  F7 25 0000006E R		MUL intSteps						;eax = intStride x intSteps

 00000033  BB 00000064			MOV ebx, 100
 00000038  F7 F3			DIV ebx								;eax = eax / 100

 0000003A  A3 00000072 R		MOV intDMeters, eax					;Store the answer for Distance in meters

					INVOKE OutputStr, ADDR strDMeters	;Pull the string variable and display
					INVOKE OutputInt, intDMeters		;Pull the integer variable and display
					INVOKE OutputStr, ADDR StrDot
					INVOKE OutputInt, edx				;remainder
					INVOKE OutputStr, ADDR strNewLine

 0000006E  A1 00000072 R		MOV eax, intDMeters
 00000073  BB 000003E8			MOV ebx, 1000
 00000078  99				CDQ
 00000079  F7 F3			DIV ebx

 0000007B  A3 00000076 R		MOV intDKilos, eax

					INVOKE OutputStr, ADDR strDKilos	;Pull the string variable and display
					INVOKE OutputInt, intDKilos			;Pull the integer variable and display
					INVOKE OutputStr, ADDR StrDot
					INVOKE OutputInt, edx				;remainder
					INVOKE OutputStr, ADDR strNewLine


					

					; We call the Operating System ExitProcess system call to close the process.
					INVOKE ExitProcess, 0
 000000B6			Public _start
				END
Microsoft (R) Macro Assembler Version 6.11		    07/25/24 16:53:28
src\220138825_P01.asm					     Symbols 2 - 1




Segments and Groups:

                N a m e                 Size     Length   Align   Combine Class

FLAT . . . . . . . . . . . . . .	GROUP
STACK  . . . . . . . . . . . . .	32 Bit	 00001000 DWord	  Stack	  'STACK'	 
_DATA  . . . . . . . . . . . . .	32 Bit	 0000007A DWord	  Public  'DATA'	
_TEXT  . . . . . . . . . . . . .	32 Bit	 000000B6 DWord	  Public  'CODE'	


Procedures,  parameters and locals:

                N a m e                 Type     Value    Attr

$$$$$$00001  . . . . . . . . . .	P Near	 00000000 _TEXT	Length= 000000B6 Private
ExitProcess  . . . . . . . . . .	P Near	 00000000 FLAT	Length= 00000000 External STDCALL
InputInt . . . . . . . . . . . .	P Near	 00000000 FLAT	Length= 00000000 External STDCALL
InputStr . . . . . . . . . . . .	P Near	 00000000 FLAT	Length= 00000000 External STDCALL
OutputFloat8 . . . . . . . . . .	P Near	 00000000 FLAT	Length= 00000000 External STDCALL
OutputFloat  . . . . . . . . . .	P Near	 00000000 FLAT	Length= 00000000 External STDCALL
OutputInt  . . . . . . . . . . .	P Near	 00000000 FLAT	Length= 00000000 External STDCALL
OutputStr  . . . . . . . . . . .	P Near	 00000000 FLAT	Length= 00000000 External STDCALL


Symbols:

                N a m e                 Type     Value    Attr

@CodeSize  . . . . . . . . . . .	Number	 00000000h   
@DataSize  . . . . . . . . . . .	Number	 00000000h   
@Interface . . . . . . . . . . .	Number	 00000000h   
@Model . . . . . . . . . . . . .	Number	 00000007h   
@code  . . . . . . . . . . . . .	Text   	 _TEXT
@data  . . . . . . . . . . . . .	Text   	 FLAT
@fardata?  . . . . . . . . . . .	Text   	 FLAT
@fardata . . . . . . . . . . . .	Text   	 FLAT
@stack . . . . . . . . . . . . .	Text   	 FLAT
IO_INC . . . . . . . . . . . . .	Text   	 1
StrDot . . . . . . . . . . . . .	Byte	 0000005E _DATA	
_start . . . . . . . . . . . . .	L Near	 00000000 _TEXT	Public
intDKilos  . . . . . . . . . . .	DWord	 00000076 _DATA	
intDMeters . . . . . . . . . . .	DWord	 00000072 _DATA	
intSteps . . . . . . . . . . . .	DWord	 0000006E _DATA	
intStride  . . . . . . . . . . .	DWord	 0000006A _DATA	
strDKilos  . . . . . . . . . . .	Byte	 00000043 _DATA	
strDMeters . . . . . . . . . . .	Byte	 0000002E _DATA	
strNewLine . . . . . . . . . . .	Byte	 0000005C _DATA	
strSteps . . . . . . . . . . . .	Byte	 00000016 _DATA	
strStride  . . . . . . . . . . .	Byte	 00000000 _DATA	

	   0 Warnings
	   0 Errors
